[ec2-user@ip-10-1-10-120 ~]$ mysql -u admin -p -h udacityreplicadb.cdsghgh7y04r.us-east-2.rds.amazonaws.com
Enter password:
ERROR 1045 (28000): Access denied for user 'admin'@'10.1.10.120' (using password: YES)
[ec2-user@ip-10-1-10-120 ~]$ mysql -u admin -p -h udacityreplicadb.cdsghgh7y04r.us-east-2.rds.amazonaws.com
Enter password: 
Welcome to the MySQL monitor.  Commands end with ; or \g.
Your MySQL connection id is 43
Server version: 8.0.28 Source distribution

Copyright (c) 2000, 2022, Oracle and/or its affiliates.

Oracle is a registered trademark of Oracle Corporation and/or its
affiliates. Other names may be trademarks of their respective
owners.

Type 'help;' or '\h' for help. Type '\c' to clear the current input statement.

mysql> show databases;
+--------------------+
| Database           |
+--------------------+
| information_schema |
| mysql              |
| performance_schema |
| sys                |
| udacitydb          |
+--------------------+
5 rows in set (0.01 sec)

mysql> use udacitydb;
Reading table information for completion of table and column names
You can turn off this feature to get a quicker startup with -A

Database changed
mysql> show tables;
+---------------------+
| Tables_in_udacitydb |
+---------------------+
| employee            |
+---------------------+
1 row in set (0.01 sec)

mysql> select * from employee;
+------+-------+------+------------+-------+
| name | owner | sex  | birth      | death |
+------+-------+------+------------+-------+
| John | Wich  | F    | 1999-03-30 | NULL  |
+------+-------+------+------------+-------+
1 row in set (0.00 sec)

mysql> insert into employee values('Quang','Wich','F','1999-15-06',NULL);
ERROR 1290 (HY000): The MySQL server is running with the --read-only option so it cannot execute this statement 