[ec2-user@ip-10-1-10-134 ~]$ mysql -u admin -p -h udacitydb-identifier.cmc2henu8eq4.us-east-1.rds.amazonaws.com    
Enter password:
Welcome to the MySQL monitor.  Commands end with ; or \g.
Your MySQL connection id is 51
Server version: 8.0.28 Source distribution

Copyright (c) 2000, 2022, Oracle and/or its affiliates.

Oracle is a registered trademark of Oracle Corporation and/or its
affiliates. Other names may be trademarks of their respective
owners.

Type 'help;' or '\h' for help. Type '\c' to clear the current input statement.

mysql> show databases;
+--------------------+  
| Database           |  
+--------------------+  
| information_schema |  
| mysql              |  
| performance_schema |  
| sys                |  
| udacitydb          |  
+--------------------+  
5 rows in set (0.00 sec)

mysql> use udacitydb;
Database changed

mysql> show tables;
Empty set (0.00 sec)

mysql> CREATE TABLE employee (name VARCHAR(20), owner VARCHAR(20), sex CHAR(1), birth DATE, death DATE);
Query OK, 0 rows affected (0.12 sec)

mysql> INSERT INTO employee VALUES ('John','Wich','Female','1999-03-30',NULL);
Query OK, 1 row affected, 1 warning (0.01 sec)

ERROR 1146 (42S02): Table 'udacitydb.pet' doesn't exist
mysql> SELECT * FROM employee;
+------+-------+------+------------+-------+
| name | owner | sex  | birth      | death |
+------+-------+------+------------+-------+
| John | Wich  | F    | 1999-03-30 | NULL  |
+------+-------+------+------------+-------+
1 row in set (0.01 sec)